<html>
<body>
<pre>
<h1>µVision Build Log</h1>
<h2>Tool Versions:</h2>
IDE-Version: µVision V5.26.2.0
Copyright (C) 2018 ARM Ltd and ARM Germany GmbH. All rights reserved.
License Information: Akarsh Kumar, UT Austin, LIC=----
 
Tool Versions:
Toolchain:       MDK-Lite  Version: 5.26.2.0
Toolchain Path:  C:\Keil_v5\ARM\ARMCC\Bin
C Compiler:      Armcc.exe V5.06 update 6 (build 750)
Assembler:       Armasm.exe V5.06 update 6 (build 750)
Linker/Locator:  ArmLink.exe V5.06 update 6 (build 750)
Library Manager: ArmAr.exe V5.06 update 6 (build 750)
Hex Converter:   FromElf.exe V5.06 update 6 (build 750)
CPU DLL:         SARMCM3.DLL V5.26.2.0
Dialog DLL:      DLM.DLL V1.26.0.0
Target DLL:      lmidk-agdi.dll V???
Dialog DLL:      TLM.DLL V1.24.0.0
 
<h2>Project:</h2>
C:\Keil_v5\Exam2_Keil5_Projects\CExam2_DataBase\Exam2_DataBase.uvprojx
Project File Date:  03/29/2019

<h2>Output:</h2>
*** Using Compiler 'V5.06 update 6 (build 750)', folder: 'C:\Keil_v5\ARM\ARMCC\Bin'
Rebuild target 'Exam2'
assembling Startup.s...
compiling Exam2.c...
Exam2.c(37): warning:  #111-D: statement is unreachable
     return -1;  // change this line
Exam2.c(37): warning:  #68-D: integer conversion resulted in a change of sign
     return -1;  // change this line
Exam2.c(128): warning:  #68-D: integer conversion resulted in a change of sign
  	uint32_t bestStudent = -1;
Exam2.c: 3 warnings, 0 errors
linking...
Program Size: Code=2420 RO-data=1192 RW-data=0 ZI-data=2144  
".\Exam2.axf" - 0 Error(s), 3 Warning(s).

<h2>Software Packages used:</h2>

Package Vendor: ARM
                http://www.keil.com/pack/ARM.CMSIS.5.4.0.pack
                ARM.CMSIS.5.4.0
                CMSIS (Cortex Microcontroller Software Interface Standard)
   * Component: CORE Version: 5.1.2

Package Vendor: Keil
                http://www.keil.com/pack/Keil.LM3S_DFP.1.1.0.pack
                Keil.LM3S_DFP.1.1.0
                Texas Instruments LM3S Series Device Support

<h2>Collection of Component include folders:</h2>
  .\RTE\_Exam2
  C:\Keil_v5\ARM\PACK\ARM\CMSIS\5.4.0\CMSIS\Core\Include
  C:\Keil_v5\ARM\PACK\Keil\LM3S_DFP\1.1.0\Device\Include

<h2>Collection of Component Files used:</h2>

   * Component: ARM::CMSIS:CORE:5.1.2
Build Time Elapsed:  00:00:00
</pre>
</body>
</html>
