<html>
<body>
<pre>
<h1>µVision Build Log</h1>
<h2>Tool Versions:</h2>
IDE-Version: µVision V5.26.2.0
Copyright (C) 2018 ARM Ltd and ARM Germany GmbH. All rights reserved.
License Information: Akarsh Kumar, UT Austin, LIC=V8563-UGR53-1YFMT-9WCFY-3FT8E-5BIH8
 
Tool Versions:
Toolchain:       MDK-ARM Professional  Version: 5.26.2.0
Toolchain Path:  C:\Keil_v5\ARM\ARMCC\Bin
C Compiler:      Armcc.exe V5.06 update 6 (build 750)
Assembler:       Armasm.exe V5.06 update 6 (build 750)
Linker/Locator:  ArmLink.exe V5.06 update 6 (build 750)
Library Manager: ArmAr.exe V5.06 update 6 (build 750)
Hex Converter:   FromElf.exe V5.06 update 6 (build 750)
CPU DLL:         SARMCM3.DLL V5.26.2.0
Dialog DLL:      DCM.DLL V1.17.2.0
Target DLL:      lmidk-agdi.dll V???
Dialog DLL:      TCM.DLL V1.36.1.0
 
<h2>Project:</h2>
C:\Keil_v5\Lab 10 Game\EE319KLab10Temp\src\Lab10_C++.uvprojx
Project File Date:  05/07/2019

<h2>Output:</h2>
*** Using Compiler 'V5.06 update 6 (build 750)', folder: 'C:\Keil_v5\ARM\ARMCC\Bin'
Rebuild target 'Lab 10'
assembling startup_TM4C123.s...
compiling PLL.cpp...
compiling DAC.cpp...
DAC.cpp(11): warning:  #68-D: integer conversion resulted in a change of sign
  const unsigned char 	explosion1[66192] = {32,32,32,32,32,32,32,32,32,32,32,32,32,32,32,32,32,32,32,32,32,32,32,32,32,32,32,32,32,32,31,32,31,32,31,32,32,31,32,31,32,32,31,32,31,32,31,31,32,31,32,31,32,32,31,32,31,32,31,32,32,31,32,31,32,31,31,32,31,32,31,32,32,31,32,31,32,31,31,32,31,32,31,32,32,31,32,31,32,31,31,32,31,32,31,32,32,31,32,31,32,31,31,32,31,32,31,32,32,31,32,31,32,31,31,32,31,32,31,32,32,31,32,31,32,31,31,32,31,32,31,32,32,31,32,31,32,31,32,32,31,32,31,32,31,31,32,31,32,31,32,32,31,32,31,32,31,31,32,31,32,31,32,32,31,32,31,32,31,31,32,31,32,31,32,32,31,32,31,32,31,31,32,31,32,31,31,32,31,31,32,32,31,32,31,31,32,31,31,32,32,30,31,33,32,30,32,33,31,30,32,33,30,29,34,35,29,29,33,32,30,33,34,29,29,33,31,31,34,32,30,28,33,34,32,32,30,33,30,29,33,26,43,40,4,19,44,37,34,33,52,58,24,-5,19,52,26,25,46,20,13,35,49,37,13,11,24,36,39,43,44,37,36,41,44,34,24,21,18,18,18,16,19,29,39,44,48,48,51,58,52,33,19,16,13,13,16,19,26,33,25,16,22,40,52,57,51,31,14,14,26,36,46,49,40,26,17,13,11,16,19,19,28,39,40,36,45,...
,46,46,47,47,47,47,47,47,47,47,47,47,47,46,45,44,43,43,43,42,42,42,41,41,41,40,39,39,39,38,37,39,39,38,38,38,39,40,39,39,39,39,39,40,40,41,41,41,41,41,42,43,42,43,43,43,44,43,43,43,43,43,42,42,42,42,42,41,40,40,41,40,38,36,35,34,33,33,32,30,29,28,27,25,24,24,23,22,21,20,20,19,19,20,21,20,21,22,24,26,27,29,30,31,32,33,35,35,36,41,39,38,38,37,37,38,37,35,34,34,32,31,31,30,29,28,28,27,26,26,26,27,27,27,27,28,28,28,29,30,30,30,30,30,30,30,30,29,28,28,29,27,26,26,25,24,24,23,22,22,21,20,20,19,19,18,17,17,17,17,16,16,16,16,16,17,17,17,17,18,18,20,20,21,23,24,25,30,31,30,30,31,33,34,34,35,37,38,38,38,38,38,37,35,34,33,31,29,27,26,24,23,23,22,22,22,23,23,24,26,27,28,30,32,34,36,37,37,40,41,42,43,43,45,47,46,45,45,44,45,45,44,42,42,41,40,39,37,35,32,30,29,28,28,27,26,25,25,26,27,27,29,33,35,37,38,40,39,39,39,39,38,36,32,30,29,27,25,22,19,16,14,14,13,12,12,12,12,12,12,13,16,18,20,20,21,23,25,26,26,27,28,27,28,27,26,27,28,28,28,26,25,25,24,23,23,22,22,22,22,22,22,22,21,22,22,22,23,23,24,24,24,24,23,24,23,24,23,20,21,23,...
,55,54,54,56,56,57,57,58,58,59,61,59,59,62,62,62,63,63,62,62,62,61,61,60,58,58,56,53,51,49,47,44,42,40,37,34,32,30,27,25,24,22,21,19,18,18,17,16,16,16,15,15,14,14,13,13,13,12,12,11,10,10,10,9,8,7,6,6,6,6,6,5,5,6,5,4,5,5,5,5,5,5,5,5,5,6,7,7,7,8,9,10,11,11,12,13,14,16,16,17,18,19,20,21,23,24,25,26,27,28,28,29,31,31,33,34,34,34,33,34,35,37,37,37,39,38,38,39,37,39,40,40,41,39,38,40,40,40,39,38,38,37,38,37,36,36,36,35,35,34,34,34,33,33,32,32,32,31,30,30,30,29,29,28,28,27,27,26,25,25,25,24,23,23,23,22,22,21,21,21,20,20,20,20,19,19,19,19,19,19,19,19,19,19,19,19,19,19,20,20,20,20,21,21,21,22,23,23,24,25,26,26,27,28,29,30,31,31,32,33,33,33,34,34,35,36,36,36,37,37,38,38,39,40,40,41,41,42,43,44,44,44,44,45,45,45,46,46,46,47,47,47,48,48,48,48,48,48,48,48,48,48,48,47,47,47,47,47,47,47,46,47,46,46,46,46,46,46,45,46,45,44,43,43,42,42,41,41,40,39,39,38,38,37,36,35,33,34,33,33,32,32,31,31,31,30,30,29,29,29,28,27,27,26,25,25,25,24,24,24,23,23,23,23,23,23,22,22,23,22,22,23,23,23,23,23,23,24,25,25,25,25,25,25,25,26,25,25,26,25,2...
,47,47,47,47,48,48,48,48,48,48,47,47,47,47,46,45,45,45,44,45,45,45,46,46,46,45,44,43,43,45,44,41,39,39,38,38,37,37,37,37,37,35,35,35,33,33,33,33,31,30,31,31,31,32,31,32,33,34,33,33,33,32,31,31,30,29,28,27,26,25,25,23,22,21,20,19,17,16,15,13,12,11,12,14,12,10,13,16,18,18,18,19,21,22,23,23,24,26,29,29,27,29,32,32,33,34,35,34,33,34,34,34,35,35,35,35,36,40,40,38,42,45,43,42,41,41,41,41,40,40,39,38,37,38,37,36,37,36,37,38,35,37,42,43,45,47,49,51,51,52,53,53,54,54,53,52,50,49,48,45,42,40,37,33,30,27,25,22,18,18,16,13,13,11,10,7,6,12,11,5,4,4,5,5,6,6,6,6,5,4,5,6,6,7,8,10,12,13,14,15,17,18,19,20,21,21,22,20,20,21,19,17,16,14,11,10,13,12,10,10,9,9,10,9,10,11,13,15,17,20,22,24,30,29,29,36,41,45,46,47,50,51,52,52,51,52,52,50,49,46,43,42,38,32,29,26,23,20,17,15,13,12,12,12,13,14,14,16,18,21,23,25,27,30,32,35,38,41,44,46,48,51,53,55,56,57,58,59,59,58,58,57,57,55,54,53,51,50,48,46,45,43,40,37,35,33,30,29,26,24,22,20,18,17,15,14,12,11,10,10,9,9,9,9,8,8,9,9,9,9,9,9,9,10,11,11,11,11,12,12,12,12,12,12,12,12,13,14,13,13,14,14,1...
,9,10,11,12,12,13,13,13,14,14,14,14,14,14,14,14,14,14,14,13,14,14,14,14,14,14,14,15,16,16,17,18,20,20,21,23,23,24,25,26,24,24,25,27,27,27,28,28,28,30,31,32,32,33,35,36,37,38,37,36,36,36,35,34,33,32,31,30,29,28,27,27,27,27,27,27,26,26,26,26,26,26,27,26,27,27,26,26,26,26,26,26,26,25,25,24,24,23,23,23,23,22,21,21,20,20,20,20,20,19,20,20,19,19,20,20,20,20,20,21,22,22,22,23,25,24,25,27,28,28,29,31,31,32,33,33,34,36,35,35,38,38,37,39,40,40,39,41,41,41,41,42,41,42,40,37,38,40,40,40,39,38,36,37,38,38,37,37,37,38,39,39,40,39,38,38,37,36,35,36,37,37,38,39,38,39,40,40,41,41,43,44,45,47,47,47,50,51,52,52,53,55,55,54,55,54,53,53,53,52,50,50,48,44,43,43,42,40,38,36,34,31,31,29,28,27,25,23,21,20,19,17,16,16,15,14,13,14,13,13,14,16,17,17,19,20,21,22,24,27,29,30,32,32,33,34,35,36,38,39,39,38,40,41,41,41,42,41,41,41,41,39,36,37,39,39,38,37,37,36,35,36,35,35,35,34,34,33,32,31,30,29,28,27,26,25,25,24,23,22,22,21,21,21,20,20,20,21,21,21,21,22,22,22,22,22,23,24,26,27,27,28,27,27,28,27,26,25,25,24,21,19,20,19,19,18,17,17,17,17,17,1...
,35,34,34,35,36,37,37,38,39,40,39,38,39,42,42,41,41,41,39,38,38,38,37,36,36,34,34,34,33,32,32,32,31,31,31,31,32,33,33,34,35,35,35,36,37,37,36,38,38,38,39,38,36,36,36,35,35,34,33,32,31,30,29,28,28,28,27,27,28,28,28,27,26,26,26,26,27,26,25,25,25,24,25,25,26,27,27,27,28,28,29,29,29,29,29,29,29,28,27,27,26,25,24,24,23,23,22,22,21,20,19,19,19,18,18,17,17,16,15,15,15,15,14,13,13,14,13,13,13,13,13,13,15,14,12,14,15,15,15,15,16,16,16,17,17,18,19,20,21,21,22,23,24,24,25,26,27,27,28,29,29,30,30,31,31,32,33,33,34,35,36,36,37,37,38,38,39,39,39,40,40,40,40,41,41,41,41,41,41,41,42,42,43,43,43,43,44,45,46,46,46,47,48,48,49,49,49,50,50,51,51,51,51,50,50,49,49,49,48,47,47,46,45,44,43,42,41,39,39,38,36,36,35,33,32,31,30,29,28,27,26,25,24,23,23,22,21,21,20,19,19,19,18,19,18,18,18,18,18,18,18,18,18,17,17,17,17,17,17,17,17,17,17,17,18,18,18,18,19,19,19,19,19,20,20,20,21,22,22,23,24,25,25,26,28,29,29,29,30,31,31,32,32,33,34,34,34,34,34,35,35,36,36,36,37,37,37,37,37,37,36,35,35,34,33,32,31,30,29,27,26,25,24,22,20,20,19,18,17,16,15,...
,19,18,17,15,16,16,17,17,14,11,10,10,10,8,8,8,7,7,7,7,7,8,10,11,13,15,17,19,20,22,23,24,25,26,26,27,28,29,29,30,31,31,32,33,33,34,34,35,36,37,38,39,39,39,40,41,41,40,42,44,44,46,46,46,47,47,47,47,49,49,47,48,50,51,51,51,51,51,50,50,50,50,51,50,49,50,49,48,46,45,45,43,42,41,40,39,38,38,37,36,36,36,36,36,36,37,38,38,39,40,40,41,41,41,42,43,42,42,42,41,41,39,39,39,37,37,36,35,35,34,33,32,33,34,33,31,30,30,30,29,28,27,25,25,24,22,22,21,22,22,22,23,24,25,26,27,28,30,31,32,33,34,35,36,37,37,38,39,39,40,40,40,41,41,41,41,41,42,42,43,43,44,45,45,46,47,48,49,49,50,50,51,52,53,54,55,56,56,56,57,57,58,57,58,58,58,58,58,58,58,57,57,56,55,55,55,54,54,53,53,52,52,52,51,51,51,50,50,50,49,49,48,48,47,46,46,45,43,42,41,40,39,38,37,35,34,33,31,30,29,27,25,25,24,23,22,20,20,19,18,17,17,16,15,14,14,13,13,12,11,11,10,10,9,9,9,8,8,8,9,8,8,9,9,9,9,9,9,9,9,8,8,8,7,7,7,7,7,7,7,8,8,8,9,10,10,10,11,11,12,12,13,13,13,13,13,14,15,15,16,17,17,18,18,20,20,21,21,22,22,23,24,24,25,25,26,26,26,26,27,27,27,27,27,27,27,27,27,27,27,27,28,28,28,2...
,32,33,33,33,33,33,33,33,33,33,33,33,33,33,35,35,36,38,38,38,39,40,41,41,43,44,45,46,47,49,49,49,52,53,53,53,56,59,57,55,56,58,59,58,59,60,59,58,58,57,56,56,57,57,57,58,58,59,59,59,58,57,56,56,55,53,52,50,48,46,44,41,39,37,35,33,31,29,27,25,23,22,20,19,19,18,18,17,18,19,18,18,19,19,20,19,21,22,21,22,21,22,22,21,23,23,22,22,21,22,20,19,19,19,18,17,16,15,14,13,12,11,10,10,9,9,8,7,7,6,6,6,6,6,6,6,7,8,8,9,11,10,12,14,16,18,20,21,23,25,27,28,30,31,32,33,34,34,34,34,34,33,34,34,34,34,35,35,36,36,37,37,38,38,39,39,39,39,39,39,38,38,38,38,38,38,38,38,38,37,37,37,37,36,36,36,35,35,35,35,35,35,35,34,34,34,34,33,33,33,33,33,33,32,32,32,31,31,30,29,29,28,27,26,24,23,22,22,21,20,20,20,20,20,19,19,19,19,19,18,18,18,17,17,16,16,16,16,15,15,15,15,16,16,16,17,18,18,19,20,21,22,23,23,24,25,25,26,26,27,27,27,27,27,27,28,27,27,28,28,29,29,31,32,32,34,34,34,35,36,36,36,38,38,36,36,36,36,36,37,36,36,38,38,38,38,38,39,40,41,42,43,44,45,46,47,47,47,48,48,48,48,48,48,48,48,48,48,48,48,48,49,49,49,49,50,50,51,51,52,53,53,54,54,54,54,5...
,43,43,43,42,42,41,41,40,39,38,37,36,36,35,34,34,33,33,33,32,32,32,32,32,31,31,31,30,30,30,30,30,30,31,31,31,32,32,32,33,33,33,34,34,35,35,35,36,36,37,37,38,38,38,39,39,39,39,40,40,40,40,40,40,40,40,40,41,41,41,41,41,41,41,41,41,41,41,41,40,40,40,39,39,39,39,38,38,39,39,39,39,39,39,39,40,40,39,40,40,39,39,40,40,40,39,39,39,38,38,38,38,37,37,37,37,36,36,36,36,36,36,37,37,37,38,38,39,39,38,39,39,38,38,38,38,38,37,37,37,36,36,35,35,35,35,34,34,34,34,34,33,33,33,33,33,33,34,34,34,34,35,35,35,35,35,35,35,35,35,35,35,34,35,34,34,35,34,34,34,34,34,34,34,34,33,34,34,34,34,35,36,36,37,37,38,38,38,39,39,40,40,41,41,42,42,43,43,44,45,45,46,46,47,47,48,48,48,48,48,48,49,49,49,49,48,48,48,48,48,47,47,47,46,46,46,46,45,45,44,43,43,43,42,41,41,40,39,37,37,36,35,35,35,35,34,33,33,33,34,32,30,29,29,28,27,26,25,24,23,22,21,21,20,20,19,19,19,19,19,19,19,19,19,18,18,18,18,18,18,18,17,17,17,16,16,15,14,14,14,13,13,13,13,14,13,13,14,15,14,14,16,17,16,17,18,19,19,20,20,22,24,25,25,25,27,26,25,27,28,28,27,27,28,27,29,29,29,30,29,29,...
,42,41,41,41,40,39,39,39,39,38,38,38,38,39,40,40,40,40,41,41,41,41,41,41,42,43,44,44,45,45,46,47,48,49,49,50,50,51,51,51,51,51,51,51,50,50,49,48,47,46,45,44,43,42,41,40,39,38,37,37,36,35,34,33,32,31,30,29,28,27,26,25,24,23,22,22,22,21,21,21,22,22,22,23,23,23,23,23,23,22,22,22,22,21,20,19,18,17,17,16,15,15,14,14,13,13,13,13,13,13,13,13,14,14,15,16,17,17,18,19,19,20,20,20,20,20,20,20,20,20,20,21,20,20,21,21,22,22,22,23,23,24,25,25,27,27,28,29,29,30,30,31,31,31,31,30,30,30,30,29,29,29,29,29,29,29,29,29,29,29,29,28,28,29,28,28,28,28,28,27,27,27,27,26,26,26,26,26,25,25,26,24,23,24,23,22,21,22,21,20,20,20,20,19,19,18,17,18,17,17,17,18,18,16,18,19,19,19,20,21,21,22,24,25,26,27,27,28,28,28,27,27,27,26,26,25,25,25,25,25,26,26,26,26,26,27,28,29,30,31,32,33,34,35,36,36,37,39,40,40,41,41,41,40,39,39,38,37,37,36,35,34,33,33,31,31,30,30,29,29,29,29,29,31,32,31,31,32,32,32,32,33,33,33,34,34,35,36,36,37,39,41,41,41,45,46,45,47,48,48,47,47,47,45,44,44,42,41,40,38,37,36,34,33,32,31,30,29,29,28,28,27,27,27,27,27,28,28,29,29,30,...
,28,29,30,31,31,32,33,34,35,35,35,36,37,38,38,39,40,40,40,41,41,40,40,40,39,38,37,37,37,36,35,34,35,34,34,33,32,32,31,30,29,28,27,27,26,25,24,24,23,22,22,22,21,21,22,22,23,24,25,26,27,28,30,31,32,33,34,35,35,36,36,36,36,36,35,35,35,34,34,33,33,33,33,32,31,31,30,30,29,28,28,27,26,26,25,24,24,23,23,22,21,21,21,21,21,21,21,22,22,22,23,23,22,23,23,23,22,21,22,22,21,21,21,21,21,21,22,22,23,23,24,24,25,26,26,27,28,28,29,30,31,31,31,32,32,32,32,32,32,32,32,31,31,31,30,30,30,30,29,29,30,29,28,28,27,26,26,26,26,25,25,25,26,26,25,26,27,27,27,27,28,29,29,30,31,32,32,33,34,35,35,36,37,38,39,40,41,41,42,42,43,44,44,44,45,45,45,45,45,45,45,45,45,45,45,44,44,44,43,43,43,42,42,41,41,40,39,39,38,37,36,36,35,34,34,33,32,31,31,31,30,30,29,29,29,28,28,28,28,28,28,28,28,28,28,28,28,28,28,28,28,29,29,29,29,30,30,30,31,31,31,31,32,32,32,33,33,33,33,33,33,33,33,33,33,32,32,32,32,32,32,32,31,31,31,31,31,31,31,31,31,31,31,31,31,31,30,30,31,31,30,31,31,31,31,31,31,31,31,32,32,32,32,32,32,33,33,33,33,33,33,34,34,34,34,35,35,35,35,35,36,...
,34,34,34,34,35,35,35,35,35,35,35,35,35,35,35,35,35,34,34,34,34,34,34,34,34,34,34,34,33,33,33,33,32,32,32,32,32,32,32,32,32,32,32,32,32,32,32,31,31,31,31,31,31,30,30,30,30,30,30,30,30,30,30,30,30,30,30,30,30,29,29,29,29,29,30,30,30,30,31,31,31,31,32,32,32,32,32,32,32,32,32,32,32,32,32,32,32,32,32,32,32,32,32,32,32,32,32,32,32,32,32,32,32,32,32,33,33,33,33,33,33,33,34,34,34,34,34,34,34,34,33,33,33,33,33,33,33,33,33,33,33,33,33,33,33,33,33,33,33,33,33,33,33,33,33,33,32,32,32,33,33,33,33,33,33,33,33,33,33,33,33,33,33,33,33,33,33,33,34,34,34,34,34,34,34,34,34,34,34,34,34,34,34,34,34,34,34,34,34,34,34,34,34,34,34,34,34,34,34,34,34,34,33,33,33,33,33,33,33,33,33,33,33,33,33,32,32,32,32,32,31,31,31,31,30,30,30,30,30,29,29,29,29,29,29,29,29,28,28,28,28,28,28,28,28,28,28,28,28,28,28,28,27,27,27,27,28,28,28,28,28,28,29,29,29,29,29,30,30,30,30,30,30,30,30,30,30,30,30,30,30,30,30,30,31,31,31,31,31,31,31,31,31,31,31,31,31,31,31,31,31,31,31,31,31,31,31,31,31,31,31,31,31,31,31,31,31,31,31,31,31,31,31,31,31,31,31,31,32,32,32,...
,27,27,27,27,27,27,27,27,27,27,27,27,27,27,28,28,28,28,28,28,29,29,29,29,30,30,30,30,30,30,30,31,31,31,31,31,32,32,32,32,32,32,33,33,33,33,33,33,33,33,33,33,33,33,33,33,33,32,32,32,32,32,32,32,32,32,32,32,32,31,31,31,31,31,31,31,31,31,31,31,31,31,31,31,31,31,31,31,31,31,31,31,31,31,31,31,31,31,31,31,31,31,31,30,30,30,30,30,30,30,30,30,30,31,31,31,31,31,32,32,32,32,32,33,33,33,33,33,33,33,34,34,34,34,34,33,33,33,33,33,33,33,33,32,32,32,32,32,31,31,31,31,31,31,30,30,30,30,30,30,30,30,30,30,29,29,29,29,29,29,29,29,29,30,30,30,30,30,30,30,30,30,30,30,30,30,30,31,31,31,31,31,31,31,31,31,31,32,32,32,32,32,32,32,32,32,32,33,33,33,33,33,33,33,33,33,34,34,34,34,34,34,34,34,34,34,34,34,35,35,35,35,35,35,35,35,35,35,35,35,35,35,35,35,35,35,35,35,35,35,35,35,35,35,35,35,35,35,35,35,35,35,35,35,35,35,35,35,35,35,34,34,34,34,34,34,34,34,34,34,34,34,33,33,33,33,33,33,33,33,33,32,32,32,32,32,32,32,32,32,31,31,31,31,31,31,31,31,31,31,31,30,30,30,30,30,30,30,30,30,30,30,30,30,30,30,30,30,30,30,30,30,30,30,30,30,30,30,30,30,30,...
,31,31,31,31,31,31,31,31,31,31,31,31,31,31,31,31,31,31,31,31,31,31,31,31,31,31,31,31,31,31,31,31,31,31,31,31,31,31,31,31,31,31,31,31,31,31,31,31,31,31,31,31,31,31,31,31,31,31,31,31,31,31,31,31,31,31,31,31,31,31,31,31,31,31,31,31,31,31,31,31,31,31,31,31,31,31,31,31,31,31,31,31,31,31,31,31,31,31,31,31,31,31,31,31,31,31,31,31,31,31,31,31,31,31,31,31,31,31,31,31,31,31,31,31,31,31,31,31,31,31,31,31,31,31,31,31,31,31,31,31,31,31,31,31,31,31,31,31,31,31,31,31,31,31,31,31,31,31,31,31,31,31,31,31,31,31,31,31,31,31,31,31,31,31,31,31,31,31,31,31,31,31,31,31,31,31,31,31,31,31,31,31,31,31,31,31,31,31,31,31,31,31,31,31,31,31,31,31,31,31,31,31,31,31,31,31,31,31,31,31,31,31,31,31,31,31,31,31,31,31,31,31,31,31,31,31,31,31,31,31,31,31,31,31,31,31,31,31,31,31,31,31,31,31,31,31,31,31,31,31,31,31,31,31,31,31,31,31,31,31,31,31,31,31,31,31,31,31,31,31,31,31,31,31,31,31,31,31,31,31,31,31,31,31,31,31,31,31,31,31,31,31,31,31,31,31,31,31,32,32,32,32,32,32,32,32,32,32,32,32,32,32,32,32,32,32,32,32,32,32,32,32,32,32,32,32,32,32,32,32,32,...
,32,32,32,32,32,32,32,32,32,32,32,32,32,32,32,32,32,32,32,32,32,32,32,32,32,32,32,32,32,32,32,32,32,32,32,32,32,32,32,32,32,32,32,32,32,32,32,32,32,32,32,32,32,32,32,32,32,32,32,32,32,32,32,32,32,32,32,32,32,32,32,32,32,32,32,32,32,32,32,32,32,32,32,32,32,32,32,32,32,32,32,32,32,32,32,32,32,32,32,32,32,32,32,32,32,32,32,32,32,32,32,32,32,32,32,32,32,32,32,32,32,32,32,32,32,32,32,32,32,32,32,32,32,32,32,32,32,32,32,32,32,32,32,32,32,32,32,32,32,32,32,32,32,32,32,32,32,32,32,32,32,32,32,32,32,32,32,32,32,32,32,32,32,32,32,32,32,32,32,32,32,32,32,32,32,32,32,32,32,32,32,32,32,32,32,32,32,32,32,32,32,32,32,32,32,32,32,32,32,32,32,32,32,32,32,32,32,32,32,32,32,32,32,32,32,32,32,32,32,32,32,32,32,32,32,32,32,32,32,32,32,32,32,32,32,32,32,32,32,32,32,32,32,32,32,32,32,32,32,32,32,32,32,32,32,32,32,32,32,32,32,32,32,32,32,32,32,32,32,32,32,32,32,32,32,32,32,32,32,32,32,32,32,32,32,32,32,32,32,32,32,32,32,32,32,32,32,32,32,32,32,32,32,32,32,32,32,32,32,32,32,32,32,32,32,32,32,32,32,32,32,32,32,32,32,32,32,32,32,32,32,...
,32,32,32,32,32,32,32,32,32,32,32,32,32,32,32,32,32,32,32,32,32,32,32,32,32,32,32,32,32,32,32,32,32,32,32,32,32,32,32,32,32,32,32,32,32,32,32,32,32,32,32,32,32,32,32,32,32,32,32,32,32,32,32,32,32,32,32,32,32,32,32,32,32,32,32,32,32,32,32,32,32,32,32,32,32,32,32,32,32,32,32,32,32,32,32,32,32,32,32,32,32,32,32,32,32,32,32,32,32,32,32,32,32,32,32,32,32,32,32,32,32,32,32,32,32,32,32,32,32,32,32,32,32,32,32,32,32,32,32,32,32,32,32,32,32,32,32,32,32,32,32,32,32,32,32,32,32,32,32,32,32,32,32,32,32,32,32,32,32,32,32,32,32,32,32,32,32,32,32,32,32,32,32,32,32,32,32,32,32,32,32,32,32,32,32,32,32,32,32,32,32,32,32,32,32,32,32,32,32,32,32,32,32,32,32,32,32,32,32,32,32,32,32,32,32,32,32,32,32,32,32,32,32,32,32,32,32,32,32,32,32,32,32,32,32,32,32,32,32,32,32,32,32,32,32,32,32,32,32,32,32,32,32,32,32,32,32,32,32,32,32,32,32,32,32,32,32,32,32,32,32,32,32,32,32,32,32,32,32,32,32,32,32,32,32,32,32,32,32,32,32,32,32,32,32,32,32,32,32,32,32,32,32,32,32,32,32,32,32,32,32,32,32,32,32,32,32,32,32,32,32,32,32,32,32,32,32,32,32,32,32,...
,32,32,32,32,32,32,32,32,32,32,32,32,32,32,32,32,32,32,32,32,32,32,32,32,32,32,32,32,32,32,32,32,32,32,32,32,32,32,32,32,32,32,32,32,32,32,32,32,32,32,32,32,32,32,32,32,32,32,32,32,32,32,32,32,32,32,32,32,32,32,32,32,32,32,32,32,32,32,32,32,32,32,32,32,32,32,32,32,32,32,32,32,32,32,32,32,32,32,32,32,32,32,32,32,32,32,32,32,32,32,32,32,32,32,32,32,32,32,32,32,32,32,32,32,32,32,32,32,32,32,32,32,32,32,32,32,32,32,32,32,32,32,32,32,32,32,32,32,32,32,32,32,32,32,32,32,32,32,32,32,32,32,32,32,32,32,32,32,32,32,32,32,32,32,32,32,32,32,32,32,32,32,32,32,32,32,32,32,32,32,32,32,32,32,32,32,32,32,32,32,32,32,32,32,32,32,32,32,32,32,32,32,32,32,32,32,32,32,32,32,32,32,32,32,32,32,32,32,32,32,32,32,32,32,32,32,32,32,32,32,32,32,32,32,32,32,32,32,32,32,32,32,32,32,32,32,32,32,32,32,32,32,32,32,32,32,32,32,32,32,32,32,32,32,32,32,32,32,32,32,32,32,32,32,32,32,32,32,32,32,32,32,32,32,32,32,32,32,32,32,32,32,32,32,32,32,32,32,32,32,32,32,32,32,32,32,32,32,32,32,32,32,32,32,32,32,32,32,32,32,32,32,32,32,32,32,32,32,32,32,32,...
,32,32,32,32,32,32,32,32,32,32,32,32,32,32,32,32,32,32,32,32,32,32,32,32,32,32,32,32,32,32,32,32,32,32,32,32,32,32,32,32,32,32,32,32,32,32,32,32,32,32,32,32,32,32,32,32,32,32,32,32,32,32,32,32,32,32,32,32,32,32,32,32,32,32,32,32,32,32,32,32,32,32,32,32,32,32,32,32,32,32,32,32,32,32,32,32,32,32,32,32,32,32,32,32,32,32,32,32,32,32,32,32,32,32,32,32,32,32,32,32,32,32,32,32,32,32,32,32,32,32,32,32,32,32,32,32,32,32,32,32,32,32,32,32,32,32,32,32,32,32,32,32,32,32,32,32,32,32,32,32,32,32,32,32,32,32,32,32,32,32,32,32,32,32,32,32,32,32,32,32,32,32,32,32,32,32,32,32,32,32,32,32,32,32,32,32,32,32,32,32,32,32,32,32,32,32,32,32,32,32,32,32,32,32,32,32,32,32,32,32,32,32,32,32,32,32,32,32,32,32,32,32,32,32,32,32,32,32,32,32,32,32,32,32,32,32,32,32,32,32,32,32,32,32,32,32,32,32,32,32,32,32,32,32,32,32,32,32,32,32,32,32,32,32,32,32,32,32,32,32,32,32,32,32,32,32,32,32,32,32,32,32,32,32,32,32,32,32,32,32,32,32,32,32,32,32,32,32,32,32,32,32,32,32,32,32,32,32,32,32,32,32,32,32,32,32,32,32,32,32,32,32,32,32,32,32,32,32,32,32,32,...
DAC.cpp: 1 warning, 0 errors
compiling random.cpp...
compiling main.cpp...
AKMath.h(29): warning:  #1035-D: single-precision operand implicitly converted to double-precision
      return (c>-.0001&&c<.0001);
Display.h(138): warning:  #1035-D: single-precision operand implicitly converted to double-precision
  	int boxWidthInt = (int)(boxWidth+.99);
Display.h(139): warning:  #1035-D: single-precision operand implicitly converted to double-precision
  	int boxHeightInt = (int)(boxHeight+.99);
Game.h(275): warning:  #1035-D: single-precision operand implicitly converted to double-precision
  						if((Vector3D(cart.m_pos.x(), cart.m_pos.y(),CHARACTER_HEIGHT)).dist(Camera::pos)<.4){
Game.h(292): warning:  #1035-D: single-precision operand implicitly converted to double-precision
  						if((zomb.m_pos+zomb.bVect).dist(Camera::pos)<.4){
Game.h(385): warning:  #1035-D: single-precision operand implicitly converted to double-precision
  			if(forward.len()>.01){
Game.h(393): warning:  #1035-D: single-precision operand implicitly converted to double-precision
  			if(side.len()>.01){
Drawing.h(259): warning:  #1035-D: single-precision operand implicitly converted to double-precision
      for(float i=0.0;i<=1.0f;i+=.05){
Drawing.h(265): warning:  #1035-D: single-precision operand implicitly converted to double-precision
          for(float j=0.0;j<=1.0f;j+=.05){
gamemain.h(360): warning:  #1035-D: single-precision operand implicitly converted to double-precision
  				movev*=.05;
gamemain.h(363): warning:  #1035-D: single-precision operand implicitly converted to double-precision
  				if(abs(rotateh)>.02){
gamemain.h(366): warning:  #1035-D: single-precision operand implicitly converted to double-precision
  				if(abs(rotatev)>.02){
gamemain.h(369): warning:  #1035-D: single-precision operand implicitly converted to double-precision
  				if(abs(moveh)>.02){
gamemain.h(372): warning:  #1035-D: single-precision operand implicitly converted to double-precision
  				if(abs(movev)>.02){
PortInit.h(32): warning:  #174-D: expression has no effect
  	nop2;
PortInit.h(33): warning:  #174-D: expression has no effect
  	nop2;
PortInit.h(34): warning:  #174-D: expression has no effect
  	nop2;
PortInit.h(41): warning:  #174-D: expression has no effect
  	nop3;
PortInit.h(42): warning:  #174-D: expression has no effect
  	nop3;
PortInit.h(43): warning:  #174-D: expression has no effect
  	nop3;
PortInit.h(50): warning:  #174-D: expression has no effect
  	nop4;
PortInit.h(51): warning:  #174-D: expression has no effect
  	nop4;
PortInit.h(52): warning:  #174-D: expression has no effect
  	nop4;
PortInit.h(60): warning:  #174-D: expression has no effect
  	nop5;
PortInit.h(61): warning:  #174-D: expression has no effect
  	nop5;
PortInit.h(62): warning:  #174-D: expression has no effect
  	nop5;
main.cpp: 26 warnings, 0 errors
compiling Sound.cpp...
compiling SlidePot.cpp...
compiling ST7735.cpp...
compiling Timer0.cpp...
compiling FIFO.cpp...
compiling Timer1.cpp...
compiling UART.cpp...
compiling ADCSWTrigger.cpp...
linking...
Program Size: Code=24490 RO-data=189810 RW-data=160 ZI-data=32528  
".\Lab10_C++.axf" - 0 Error(s), 27 Warning(s).

<h2>Software Packages used:</h2>

Package Vendor: ARM
                http://www.keil.com/pack/ARM.CMSIS.5.4.0.pack
                ARM.CMSIS.5.4.0
                CMSIS (Cortex Microcontroller Software Interface Standard)
   * Component: CORE Version: 5.1.2

Package Vendor: Keil
                http://www.keil.com/pack/Keil.TM4C_DFP.1.1.0.pack
                Keil.TM4C_DFP.1.1.0
                Texas Instruments Tiva C Series Device Support and Examples

<h2>Collection of Component include folders:</h2>
  .\RTE\_Lab_10
  C:\Keil_v5\ARM\PACK\ARM\CMSIS\5.4.0\CMSIS\Core\Include
  C:\Keil_v5\ARM\PACK\Keil\TM4C_DFP\1.1.0\Device\Include\TM4C123

<h2>Collection of Component Files used:</h2>

   * Component: ARM::CMSIS:CORE:5.1.2
Build Time Elapsed:  00:00:04
</pre>
</body>
</html>
